[kgd.gov.kz/ru.html]
[backblue.gif]
[fade.gif]
[index.html]
[kgd.gov.kz/modules/system/system.base73e1.css]
[kgd.gov.kz/modules/system/system.menus73e1.css]
[kgd.gov.kz/ru/rss.xml]
[kgd.gov.kz/modules/system/system.theme73e1.css]
[kgd.gov.kz/modules/user/user73e1.css]
[kgd.gov.kz/sites/all/themes/KGD17/css/footable.core73e1.css]
[kgd.gov.kz/sites/all/modules/cctags/cctags73e1.css]
[kgd.gov.kz/sites/all/modules/colorbox/styles/default/colorbox_style73e1.css]
[kgd.gov.kz/sites/all/modules/tax_audit/css/j.tax_audit.start73e1.css]
[kgd.gov.kz/sites/all/modules/calen/css/calen73e1.css]
[kgd.gov.kz/sites/all/libraries/smartmenus/css/sm-kgd/sm-kgd73e1.css]
[kgd.gov.kz/sites/all/themes/KGD17/css/bootstrap73e1.css]
[kgd.gov.kz/sites/all/themes/KGD17/css/font-awesome73e1.css]
[kgd.gov.kz/sites/all/themes/KGD17/css/simple-line-icons73e1.css]
[kgd.gov.kz/sites/all/themes/KGD17/css/app73e1.css]
[kgd.gov.kz/sites/all/themes/KGD17/css/flexslider73e1.css]
[kgd.gov.kz/sites/all/themes/KGD17/css/datepicker73e1.css]
[kgd.gov.kz/sites/all/themes/KGD17/css/kgd1773e1.css]
[kgd.gov.kz/sites/all/themes/KGD17/css/owl.carousel73e1.css]
[kgd.gov.kz/sites/all/themes/KGD17/css/owl.theme73e1.css]
[kgd.gov.kz/sites/all/themes/KGD17/css/special73e1.css]
[kgd.gov.kz/sites/all/themes/KGD17/css/jquery.navgoco73e1.css]
[kgd.gov.kz/sites/all/themes/KGD17/css/jquery.dataTables73e1.css]
[kgd.gov.kz/sites/all/themes/KGD17/style73e1.css]
[kgd.gov.kz/sites/default/files/advagg_js/js__0BLiKGMq6ltLHdFnULA09l4oeJRFJqujRKfo_ka1H2M__VZq7dwkTjN_yzboliiXzKkblH3SFDmh0AVSmuD6eiTw__iFQX4H3jw4qSn9BeERFJlBuZNBASR3Or1rI0CUFuY7Q.js]
[kgd.gov.kz/sites/default/files/advagg_js/js__kgBzEew375opErticaz0339aAXuAnDgK4WnFDvdZJTQ__q2RlwAY16ZoDPR8qo8jEDHi9AlWhUuqwDMfKJJ7KwO4__iFQX4H3jw4qSn9BeERFJlBuZNBASR3Or1rI0CUFuY7Q.js]
[kgd.gov.kz/ru/apoll.html]
[kgd.gov.kz/sites/default/files/advagg_js/js__hnDSI4mwQNM8Xx0hkevHhsxyBDfP18lzngtZEoqLz_s__nBT_YXgsVkPCoYlI95iQ1uUCIsd1U_YrZGdsXV_nl8M__iFQX4H3jw4qSn9BeERFJlBuZNBASR3Or1rI0CUFuY7Q.js]
[kgd.gov.kz/sites/default/files/advagg_js/js__DG61tWB-FuZjolWiVhoh4Axx2ZGvhiVFRNRy878a2t0__GRSs0_x8EJvJkkX8iSOoCPdg1odu0-_IllpGX6dLW50__iFQX4H3jw4qSn9BeERFJlBuZNBASR3Or1rI0CUFuY7Q.js]
[kgd.gov.kz/en.html]
[kgd.gov.kz/ru/sitemap.html]
[kgd.gov.kz/ru/user/register.32.delayed]
[kgd.gov.kz/ru/content/polozhenie-o-komitete.html]
[kgd.gov.kz/ru/content/territorialnye-organy.html]
[kgd.gov.kz/ru/content/strategiya.html]
[kgd.gov.kz/ru/section/kadrovoe-obespechenie.html]
[kgd.gov.kz/ru/content/normativnye-pravovye-akty.html]
[kgd.gov.kz/ru/content/primernye-testovye-voprosy.html]
[kgd.gov.kz/ru/content/informaciya-po-voprosam-kadrovogo-obespecheniya-1.html]
[kgd.gov.kz/ru/content/kvalifikacionnye-trebovaniya-1.html]
[kgd.gov.kz/ru/section/konkursy-na-vakantnye-dolzhnosti.html]
[kgd.gov.kz/ru/content/kontakty-1.html]
[kgd.gov.kz/ru/section/podvedomstvennye-organizacii.html]
[kgd.gov.kz/ru/section/kinologicheskiy-centr.html]
[kgd.gov.kz/ru/content/vakansii-1.html]
[kgd.gov.kz/ru/content/grafik-priema-upolnomochennogo-po-etike-1-1.html]
[kgd.gov.kz/ru/content/mezhdunarodnoe-sotrudnichestvo-1.html]
[kgd.gov.kz/ru/content/professionalnoe-razvitie-1.html]
[kgd.gov.kz/ru/content/uchebnye-plany-umc-1.html]
[kgd.gov.kz/ru/section/centralnaya-tamozhennaya-laboratoriya.html]
[kgd.gov.kz/ru/section/informaciya-o-tekushchey-deyatelnosti.html]
[kgd.gov.kz/ru/section/poslaniya.html]
[kgd.gov.kz/ru/content/obshchenacionalnyy-plan-1.html]
[kgd.gov.kz/ru/section/strategicheskiy-plan.html]
[kgd.gov.kz/ru/section/otchety-ob-ispolnenii-strategicheskogo-plana.html]
[kgd.gov.kz/ru/content/zelenaya-ekonomika-1.html]
[kgd.gov.kz/ru/content/ocenka-effektivnosti-deyatelnosti-gosudarstvennogo-organa-po-realizacii-gosudarstvennoy.html]
[kgd.gov.kz/ru/content/plan-raboty-kgd-mf-rk-1.html]
[kgd.gov.kz/ru/section/gosudarstvennye-zakupki.html]
[kgd.gov.kz/ru/section/normativnye-pravovye-akty.html]
[kgd.gov.kz/ru/section/protokola.html]
[kgd.gov.kz/ru/content/iz-odnogo-istochnika-1.html]
[kgd.gov.kz/ru/content/otkrytyy-konkurs-1-0.html]
[kgd.gov.kz/ru/content/zapros-cenovyh-predlozheniy-1.html]
[kgd.gov.kz/ru/content/otkrytyy-konkurs-1.html]
[kgd.gov.kz/ru/content/spravka-o-rabote-s-obrashcheniyami-grazhdan-1.html]
[kgd.gov.kz/ru/section/dosudebnoe-obzhalovanie-rezultatov-nalogovoy-i-tamozhennoy-proverki.html]
[kgd.gov.kz/ru/content/elektronnye-obrashcheniya-1.html]
[kgd.gov.kz/ru/content/spisok-telefonov-dlya-konsultacii-1.html]
[kgd.gov.kz/ru/content/telefony-kontakt-centrov-organov-gosudarstvennyh-dohodov-1.html]
[kgd.gov.kz/ru/section/akciya-trebuy-chek-vyigray-priz.html]
[kgd.gov.kz/ru/content/vestnik-organov-gosudarstvennyh-dohodov-respubliki-kazahstan-1.html]
[kgd.gov.kz/ru/content/nashi-veterany-1.html]
[kgd.gov.kz/ru/section/pisma-razyasnitelnogo-haraktera.html]
[kgd.gov.kz/ru/video.html]
[kgd.gov.kz/ru/content/intervyu-stati-1.html]
[kgd.gov.kz/ru/content/kontakty-1-0.html]
[kgd.gov.kz/ru/section/reyting-doing-business.html]
[kgd.gov.kz/ru/section/deyatelnost.html]
[kgd.gov.kz/ru/section/informacionnye-sistemy.html]
[kgd.gov.kz/ru/section/sono.html]
[kgd.gov.kz/ru/content/pravila-oformleniya-obrashcheniya-na-sluzhbu-podderzhki-sono-1.html]
[kgd.gov.kz/ru/section/programmnoe-obespechenie.html]
[kgd.gov.kz/ru/section/akcizy-0.html]
[kgd.gov.kz/ru/content/programmnoe-obespechenie-1-0.html]
[kgd.gov.kz/ru/content/nds-blockchain-1.html]
[kgd.gov.kz/ru/content/spravochniki-0.html]
[kgd.gov.kz/ru/content/dinamika-postupleniy-nalogov-i-platezhey-v-gosudarstvennyy-byudzhet-1.html]
[kgd.gov.kz/ru/content/fakticheskie-postupleniya-po-nalogam-i-platezham-v-gosudarstvennyy-byudzhet-za-2002-2018-gg.html]
[kgd.gov.kz/ru/content/korporativnyy-podohodnyy-nalog-1-7.html]
[kgd.gov.kz/ru/exp_trade_files.html]
[kgd.gov.kz/ru/exp_trade/report.html]
[kgd.gov.kz/ru/section/spiski-platelshchikov-0.html]
[kgd.gov.kz/ru/section/spisok-opredelennyh-kategoriy-dolzhnikov-ne-pogashayushchih-zadolzhennost-dlitelnoe-vremya.html]
[kgd.gov.kz/ru/content/2018-god-1.html]
[kgd.gov.kz/ru/content/2016-god-1.html]
[kgd.gov.kz/ru/content/spisok-nalogoplatelshchikov-imeyushchih-nalogovuyu-zadolzhennost.html]
[kgd.gov.kz/ru/content/2014-god-1-0.html]
[kgd.gov.kz/ru/content/2020-god-1-2.html]
[kgd.gov.kz/ru/content/2020-god-1-4.html]
[kgd.gov.kz/ru/section/perechen-lzhepredpriyatiy.html]
[kgd.gov.kz/ru/section/cpisok-platelshchikov-imeyushchih-zadolzhennost-po-tamozhennym-platezham-nalogam-i-penyam.html]
[kgd.gov.kz/ru/content/2016-god-1-1.html]
[kgd.gov.kz/ru/content/2018-god-1-0.html]
[kgd.gov.kz/ru/content/sdelki-priznannye-nedeystvitelnymi-na-osnovanii-resheniya-suda-1.html]
[kgd.gov.kz/ru/section/spiski-nesostoyatelnyh-dolzhnikov.html]
[kgd.gov.kz/ru/content/spisok-nalogoplatelshchikov-pereregistraciya-kotoryh-priznana-nedeystvitelnoy-1.html]
[kgd.gov.kz/ru/section/o-realizacii-pyati-reform-100-shagov.html]
[kgd.gov.kz/ru/section/tamozhennoe-administrirovanie.html]
[kgd.gov.kz/ru/content/sistema-upravleniya-riskami-1-0.html]
[kgd.gov.kz/ru/section/tamozhennoe-oformlenie.html]
[kgd.gov.kz/ru/section/fizicheskim-licam.html]
[kgd.gov.kz/ru/section/yuridicheskie-lica.html]
[kgd.gov.kz/ru/section/klassifikaciya-i-proishozhdenie-tovarov.html]
[kgd.gov.kz/ru/content/voprosy-otvety-v-chasti-klassifikacii-i-proishozhdeniya-tovarov-1.html]
[kgd.gov.kz/ru/content/normativnye-pravovye-akty-po-voprosam-klassifikacii-1-0.html]
[kgd.gov.kz/ru/content/resheniya-kollegii-evraziyskoy-ekonomicheskoy-komissii-po-klassifikacii-tovarov-1-0.html]
[kgd.gov.kz/ru/content/resheniya-obedinennoy-kollegii-tamozhennyh-sluzhb-gosudarstv-chlenov-tamozhennogo-soyuza-po.html]
[kgd.gov.kz/ru/content/sbornik-soglasheniy-po-opredeleniyu-strany-proishozhdeniya-tovarov-1.html]
[kgd.gov.kz/ru/content/tn-ved-i-ett-eaes.html]
[kgd.gov.kz/ru/section/tamozhennyy-kontrol.html]
[kgd.gov.kz/ru/content/voprosy-po-kvalifikacionnym-ekzamenam-specialistov-po-tamozhennomu-deklarirovaniyu-1.html]
[kgd.gov.kz/ru/content/perechen-mest-tamozhennogo-oformleniya-1.html]
[kgd.gov.kz/ru/content/perechen-tamozhennyh-predstaviteley-narushivshih-tamozhennoe-zakonodatelstvo-rk-1.html]
[kgd.gov.kz/ru/section/reestry.html]
[kgd.gov.kz/ru/content/srednyaya-rynochnaya-cena-syroy-nefti-1.html]
[kgd.gov.kz/ru/content/tamozhennaya-stoimost-1.html]
[kgd.gov.kz/ru/content/cenovaya-informaciya-1.html]
[kgd.gov.kz/ru/content/normativnye-pravovye-akty-1-0.html]
[kgd.gov.kz/ru/content/razyasneniya-1.html]
[kgd.gov.kz/ru/section/voprosy-protivodeystviya-korrupcii.html]
[kgd.gov.kz/ru/section/vsemirnyy-bank.html]
[kgd.gov.kz/ru/section/zakupki-prna.html]
[kgd.gov.kz/ru/section/zakupki-prts.html]
[kgd.gov.kz/ru/section/legalizaciya.html]
[kgd.gov.kz/ru/content/itogi-legalizacii-1.html]
[kgd.gov.kz/ru/content/telefony-komissiy-po-legalizacii-1.html]
[kgd.gov.kz/ru/section/vse-o-legalizacii.html]
[kgd.gov.kz/ru/content/itogi-proshlyh-legalizaciy-v-strane-1.html]
[kgd.gov.kz/ru/content/legalizaciya-2014-otlichiya-1.html]
[kgd.gov.kz/ru/content/legalizaciya-vygodna-kak-dlya-grazhdan-tak-i-dlya-strany-1.html]
[kgd.gov.kz/ru/content/legalizaciya-bez-boyazni-byt-privlechennym-k-otvetstvennosti-1.html]
[kgd.gov.kz/ru/content/legalizaciya-ne-novshestvo-v-mirovoy-ekonomike-1.html]
[kgd.gov.kz/ru/content/legalizaciya-v-tom-chisle-eto-i-uproshchenie-procedury-gosregistracii-1.html]
[kgd.gov.kz/ru/content/nemnogo-o-legalizacii-imushchestva-1.html]
[kgd.gov.kz/ru/content/o-poryadke-legalizacii-imushchestva-v-kazahstane-1.html]
[kgd.gov.kz/ru/section/zakonodatelstvo-po-legalizacii.html]
[kgd.gov.kz/ru/content/primenenie-kontrolno-kassovyh-mashin-1.html]
[kgd.gov.kz/ru/content/primenenie-pos-terminalov-1.html]
[kgd.gov.kz/ru/content/perechen-krupnyh-nalogoplatelshchikov-podlezhashchih-monitoringu-1.html]
[kgd.gov.kz/ru/content/koefficient-nalogovoy-nagruzki-1-0.html]
[kgd.gov.kz/ru/section/nalogovye-proverki.html]
[kgd.gov.kz/ru/content/obyazatelnaya-vedomstvennaya-otchetnost-1.html]
[kgd.gov.kz/ru/content/luchshie-rabotniki-nalogovogo-audita-territorialnyh-departamentov-gosudarstvennyh-dohodov-1.html]
[kgd.gov.kz/ru/section/nedropolzovanie.html]
[kgd.gov.kz/ru/section/otsrochka-uplaty-pri-importe-iz-tretih-stran.html]
[kgd.gov.kz/ru/section/tamozhennyy-soyuz.html]
[kgd.gov.kz/ru/content/mezhdunarodnye-dogovory-v-ramkah-tamozhennogo-soyuza.html]
[kgd.gov.kz/ru/content/transfertnoe-cenoobrazovanie-1-1.html]
[kgd.gov.kz/ru/section/mezhdunarodnoe-sotrudnichestvo.html]
[kgd.gov.kz/ru/section/vto.html]
[kgd.gov.kz/ru/imap.html]
[kgd.gov.kz/ru/content/organizaciya-ekonomicheskogo-sotrudnichestva-i-razvitiya-1.html]
[kgd.gov.kz/ru/section/monitoring-inostrannogo-finansirovaniya.html]
[kgd.gov.kz/ru/section/pravoohranitelnaya-deyatelnost.html]
[kgd.gov.kz/ru/section/vseobshchee-deklarirovanie.html]
[kgd.gov.kz/ru/section/markirovka.html]
[kgd.gov.kz/ru/content/markirovka-i-proslezhivaemost-tabachnyh-izdeliy-1.html]
[kgd.gov.kz/ru/content/markirovka-mehovyh-izdeliy-1.html]
[kgd.gov.kz/ru/content/materialy-1.html]
[kgd.gov.kz/ru/content/mezhdunarodnyy-avtomaticheskiy-obmen-1.html]
[kgd.gov.kz/ru/content/nalogovaya-amnistiya-dlya-subektov-malogo-i-srednego-biznesa-1.html]
[kgd.gov.kz/ru/content/trehkomponentnaya-integrirovannaya-sistema-1-0.html]
[kgd.gov.kz/ru/section/elektronnaya-torgovlya.html]
[kgd.gov.kz/ru/content/zakonodatelstvo-1-1.html]
[kgd.gov.kz/ru/content/soputstvuyushchie-normativnye-pravovye-akty-1.html]
[kgd.gov.kz/ru/content/prezentaciya-nalogovogo-administrirovaniya-elektronnoy-torgovli-1.html]
[kgd.gov.kz/ru/content/forma-uvedomleniya-o-nachale-deyatelnosti-v-kachestve-nalogoplatelshchika.html]
[kgd.gov.kz/ru/section/zakony-rk.html]
[kgd.gov.kz/ru/content/nalogovyy-kodeks-rk.html]
[kgd.gov.kz/ru/content/ugolovno-processualnyy-kodeks-rk.html]
[kgd.gov.kz/ru/content/ugolovnyy-kodeks-rk-0.html]
[kgd.gov.kz/ru/content/kodeks-respubliki-kazahstan-ob-administrativnyh-pravonarusheniyah-1.html]
[kgd.gov.kz/ru/section/kommentariy-k-nalogovomu-kodeksu-rk.html]
[kgd.gov.kz/ru/section/formy-nalogovoy-otchetnosti.html]
[kgd.gov.kz/ru/section/fno-2019-god.html]
[kgd.gov.kz/ru/section/fno-2018-god.html]
[kgd.gov.kz/ru/section/fno-2017-god.html]
[kgd.gov.kz/ru/section/fno-2015-2016-gody.html]
[kgd.gov.kz/ru/section/fno-2014-god.html]
[kgd.gov.kz/ru/section/fno-2013-god.html]
[kgd.gov.kz/ru/section/fno-2020-god.html]
[kgd.gov.kz/ru/section/normativnye-pravovye-akty-1.html]
[kgd.gov.kz/ru/content/postanovleniya-pravitelstva-rk.html]
[kgd.gov.kz/ru/section/prikazy.html]
[kgd.gov.kz/ru/content/prikazy-2019-goda-1.html]
[kgd.gov.kz/ru/content/prikazy-2020-god-1-0.html]
[kgd.gov.kz/ru/content/prikazy.html]
[kgd.gov.kz/ru/content/prikazy-2015-goda-1.html]
[kgd.gov.kz/ru/content/prikazy-2016-goda-1.html]
[kgd.gov.kz/ru/content/prikazy-2017-goda-1.html]
[kgd.gov.kz/ru/content/prikazy-2018-goda-1.html]
[kgd.gov.kz/ru/content/nalogovye-zayavleniya.html]
[kgd.gov.kz/ru/content/proekty-normativnyh-pravovyh-aktov.html]
[kgd.gov.kz/ru/content/tamozhennye-zayavleniya-1.html]
[kgd.gov.kz/ru/section/reabilitaciya-i-bankrotstvo.html]
[kgd.gov.kz/ru/section/territorialnye-organy.html]
[kgd.gov.kz/ru/section/akmolinskaya-oblast.html]
[kgd.gov.kz/ru/section/aktyubinskaya-oblast.html]
[kgd.gov.kz/ru/section/almatinskaya-oblast.html]
[kgd.gov.kz/ru/section/vostochno-kazahstanskaya-oblast.html]
[kgd.gov.kz/ru/section/zhambylskaya-oblast.html]
[kgd.gov.kz/ru/section/zapadno-kazahstanskaya-oblast.html]
[kgd.gov.kz/ru/section/karagandinskaya-oblast.html]
[kgd.gov.kz/ru/section/kostanayskaya-oblast.html]
[kgd.gov.kz/ru/section/kyzylordinskaya-oblast.html]
[kgd.gov.kz/ru/section/mangistauskaya-oblast.html]
[kgd.gov.kz/ru/section/pavlodarskaya-oblast.html]
[kgd.gov.kz/ru/section/severo-kazahstanskaya-oblast.html]
[kgd.gov.kz/ru/section/yuzhno-kazahstanskaya-oblast.html]
[kgd.gov.kz/ru/section/galmaty.html]
[kgd.gov.kz/ru/section/gastana.html]
[kgd.gov.kz/ru/content/voprosy-otvety-1-3.html]
[kgd.gov.kz/ru/section/2014-god.html]
[kgd.gov.kz/ru/section/2015-god.html]
[kgd.gov.kz/ru/section/2017-god.html]
[kgd.gov.kz/ru/section/2018-god.html]
[kgd.gov.kz/ru/section/2019-god.html]
[kgd.gov.kz/ru/content/2020-god-1-6.html]
[kgd.gov.kz/ru/content/otnositelno-priema-informacii-ot-administratorov-procedur-reabilitacii-i-bankrotstva-na.html]
[kgd.gov.kz/ru/content/2019-god-1-3.html]
[kgd.gov.kz/ru/content/spisok-lic-imeyushchih-pravo-osushchestvlyat-deyatelnost-administratora-1.html]
[kgd.gov.kz/ru/content/territoriya-nalogoplatelshchika-1.html]
[kgd.gov.kz/ru/section/gik-vef-doing-business.html]
[kgd.gov.kz/ru/section/reyting-gik-vef.html]
[kgd.gov.kz/ru/faq.html]
[kgd.gov.kz/ru/content/vebinary-1-0.html]
[kgd.gov.kz/ru/section/elektronnye-scheta-faktury.html]
[kgd.gov.kz/ru/section/api-interfeys.html]
[kgd.gov.kz/ru/content/api-interfeys-web-prilozheniya-elektronnye-scheta-faktury-1.html]
[kgd.gov.kz/ru/content/api-interfeys-web-prilozheniya-elektronnye-scheta-faktury-s-modulem-virtualnyy-sklad-1.html]
[kgd.gov.kz/ru/content/virtualnyy-sklad-1.html]
[kgd.gov.kz/ru/content/dokumenty-po-esf-1.html]
[kgd.gov.kz/ru/content/zakonodatelstvo-1.html]
[kgd.gov.kz/ru/content/informacionnye-materialy-po-sisteme-1.html]
[kgd.gov.kz/ru/content/pilotnyy-proekt-1.html]
[kgd.gov.kz/ru/content/sluzhba-podderzhki-esf-1.html]
[kgd.gov.kz/ru/content/soprovoditelnaya-nakladnaya-na-tovary-1.html]
[kgd.gov.kz/ru/content/videouroki-1.html]
[kgd.gov.kz/ru/content/testovyy-stend-po-snt-1.html]
[kgd.gov.kz/ru/content/testovyy-stend-esf-1.html]
[kgd.gov.kz/ru/section/digitalization.html]
[kgd.gov.kz/ru/content/poslanie-prezidenta-respubliki-kazahstan-nnazarbaeva-narodu-kazahstana-1.html]
[kgd.gov.kz/ru/content/organizacionnaya-struktura-upravleniya-1.html]
[kgd.gov.kz/ru/content/proekty-1-0.html]
[kgd.gov.kz/ru/content/reglament-realizacii-proektov-1.html]
[kgd.gov.kz/ru/covid-19.html]
[kgd.gov.kz/sites/default/files/styles/slider/public/slider-photos/img-20200701-wa00532718.jpg]
[kgd.gov.kz/sites/default/files/styles/slider/public/slider-photos/unnamed1b6c.jpg]
[kgd.gov.kz/ru/news/podrobnoe-opisanie-socialno-znachimyh-tovarov-dlya-primeneniya-stavki-nds-8-1-65661.html]
[kgd.gov.kz/sites/default/files/styles/slider/public/slider-photos/obyav_stenda_iyun_rusdd00.jpg]
[kgd.gov.kz/sites/default/files/styles/slider/public/slider-photos/baner_rus_06_046624.png]
[kgd.gov.kz/ru/content/reglamenty-gosudarstvennyh-uslug.html]
[kgd.gov.kz/sites/default/files/styles/slider/public/slider-photos/i31fa.jpg]
[kgd.gov.kz/sites/default/files/styles/slider/public/slider-photos/egova811.jpg]
[kgd.gov.kz/ru/news/archive.html]
[kgd.gov.kz/ru/news/pereneseny-sroki-vnedreniya-soprovoditelnyh-nakladnyh-na-tovary-1-73509.html]
[kgd.gov.kz/sites/default/files/styles/news_photos/public/news/111111_735a0.jpg]
[kgd.gov.kz/ru/news/pri-kakih-usloviyah-neobhodimo-deklarirovat-nalichnye-denezhnye-sredstva-dorozhnye-cheki-i.html]
[kgd.gov.kz/sites/default/files/styles/news_photos/public/news/200117095429817e6fbd.jpg]
[kgd.gov.kz/sites/default/files/styles/news_photos/public/news/zhzh7382.png]
[kgd.gov.kz/sites/default/files/styles/news_photos/public/news/chchacbc.png]
[kgd.gov.kz/sites/default/files/styles/menu-ico/public/poisk_np6196.png]
[kgd.gov.kz/ru/app/culs-taxarrear-upcoming-payments-web.html]
[kgd.gov.kz/sites/all/themes/KGD17/images/def-ico.png]
[kgd.gov.kz/ru/services/online-reservation.html]
[kgd.gov.kz/sites/default/files/styles/menu-ico/public/123_5aa29.png]
[kgd.gov.kz/ru/app/culs-taxarrear-search-web.html]
[kgd.gov.kz/ru/services/search_benefic.html]
[kgd.gov.kz/sites/default/files/styles/menu-ico/public/search-icon-yellow-circle-frame-background-vector-20757857717a.jpg]
[kgd.gov.kz/sites/default/files/styles/menu-ico/public/spravochniki_0a766.png]
[kgd.gov.kz/ru/all/services.html]
[kgd.gov.kz/ru/nsi.html]
[kgd.gov.kz/sites/default/files/styles/menu-ico/public/spravochniki-dlya-vedcb51.png]
[kgd.gov.kz/sites/default/files/styles/menu-ico/public/spisok-platelshchikov91f4.png]
[kgd.gov.kz/sites/default/files/styles/menu-ico/public/formy_nalogovoy_otchetnostidfcf.png]
[kgd.gov.kz/sites/default/files/styles/menu-ico/public/telefon_doveriyadbfe.png]
[kgd.gov.kz/ru/all/resources.html]
[kgd.gov.kz/ru/taxcalen.html]
[kgd.gov.kz/ru/tagru/vseobshchee-deklarirovanie.html]
[kgd.gov.kz/ru/tagru/vseobshchee-deklarirovaniya.html]
[kgd.gov.kz/ru/tagru/legalizaciya.html]
[kgd.gov.kz/ru/tagru/perechen-yuridicheskih-lic-nerezidentov.html]
[kgd.gov.kz/ru/tagru/reestry-obektov-intellektualnoy-sobstvennosti.html]
[kgd.gov.kz/ru/tagru/spiski-nesostoyatelnyh-dolzhnikov.html]
[kgd.gov.kz/ru/tagru/cena-syroy-nefti.html]
[kgd.gov.kz/ru/tagru/obrazovavshih.html]
[kgd.gov.kz/ru/taxaudit.html]
[kgd.gov.kz/sites/default/files/styles/pred/public/pred/sultangaziev_m.e._dlya_sayta_16a34.jpg]
[kgd.gov.kz/sites/default/files/logo/logo_25_kz_-_kopiya_2.jpg]
[kgd.gov.kz/sites/default/files/logo/kz.png]
[kgd.gov.kz/sites/default/files/logo/state-symbols.png]
[kgd.gov.kz/sites/default/files/Poslaniya/poslanie_prezidenta_respubliki_kazahstan_11.11.14.doc]
[kgd.gov.kz/sites/default/files/logo/nurly-gol.png]
[kgd.gov.kz/sites/default/files/styles/bn/public/images/qazlatyn4e46.jpg]
[kgd.gov.kz/sites/default/files/styles/bn/public/images/12526.jpg]
[kgd.gov.kz/sites/default/files/styles/bn/public/images/22368f.jpg]
[kgd.gov.kz/sites/default/files/styles/bn/public/images/bezymyannyyd8e2.jpg]
[kgd.gov.kz/sites/default/files/styles/bn/public/images/logo_rus0ea1.png]
[kgd.gov.kz/ru/section/modernizaciya-30]
[kgd.gov.kz/sites/default/files/styles/bn/public/images/modernizaciya_3.0_log_rusebed.png]
[kgd.gov.kz/sites/default/files/styles/bn/public/images/banner_ea_ruf086.png]
[kgd.gov.kz/sites/default/files/styles/bn/public/images/180x100976a.png]
[kgd.gov.kz/sites/default/files/styles/bn/public/images/akorda_kzfb78.png]
[kgd.gov.kz/sites/default/files/styles/bn/public/images/banner-ruse64c.png]
[kgd.gov.kz/sites/default/files/styles/bn/public/images/monitoring_inost_finansir_rus_-_kopiyaaec6.jpg]
[kgd.gov.kz/sites/default/files/styles/bn/public/images/egov_0a269.png]
[kgd.gov.kz/sites/default/files/styles/bn/public/images/el_0_00c5c.png]
[kgd.gov.kz/sites/default/files/styles/bn/public/images/banner_rusd2fa.jpg]
[kgd.gov.kz/sites/default/files/styles/bn/public/images/gp_0_1cc37.png]
[kgd.gov.kz/sites/default/files/styles/bn/public/images/banner_anticorruption_rus06c8.jpg]
[kgd.gov.kz/sites/default/files/styles/bn/public/images/npp_102a1.png]
[kgd.gov.kz/sites/default/files/styles/bn/public/images/mid_app_ruf449.jpg]
[kgd.gov.kz/sites/default/files/styles/bn/public/images/kgde82c.jpg]
[kgd.gov.kz/ru/forum.html]
[kgd.gov.kz/ru/user/0/newsletter]
[mc.yandex.ru/metrika/watch.js]
[js.hotlog.ru/dcounter/2481088.js]
[c.zero.kz/z967a.png]
[kgd.gov.kz/ru/user/password.html]
[kgd.gov.kz/ru.html]
[kgd.gov.kz/sites/all/themes/KGD17/images/logo_social.html]
[kgd.gov.kz/sites/default/files/advagg_js/js__BZLMKe8D4O-_ro1OfkhRNUNjdincPH4gFEyJsffG57o__LPDDxBSi-DT9yGRK5cj905DjWkhjUeyliRYy4eIpSho__iFQX4H3jw4qSn9BeERFJlBuZNBASR3Or1rI0CUFuY7Q.js]
[kgd.gov.kz/misc/throbber-inactive.png]
[kgd.gov.kz/misc/throbber-active.gif]
[kgd.gov.kz/misc/grippie.png]
[kgd.gov.kz/misc/draggable.png]
[kgd.gov.kz/misc/tree.png]
[kgd.gov.kz/misc/tree-bottom.png]
[kgd.gov.kz/modules/system/system.base73e1.css]
[kgd.gov.kz/misc/menu-expanded.png]
[kgd.gov.kz/misc/menu-collapsed.png]
[kgd.gov.kz/misc/menu-leaf.png]
[kgd.gov.kz/modules/system/system.menus73e1.css]
[kgd.gov.kz/misc/message-24-ok.png]
[kgd.gov.kz/misc/message-24-warning.png]
[kgd.gov.kz/misc/message-24-error.png]
[kgd.gov.kz/modules/system/system.messages73e1.css]
[kgd.gov.kz/misc/help.png]
[kgd.gov.kz/misc/progress.gif]
[kgd.gov.kz/modules/system/system.theme73e1.css]
[kgd.gov.kz/sites/all/modules/colorbox_node/images/loading.gif]
[kgd.gov.kz/sites/all/modules/colorbox_node/colorbox_node73e1.css]
[kgd.gov.kz/modules/comment/comment73e1.css]
[kgd.gov.kz/modules/field/theme/field73e1.css]
[kgd.gov.kz/modules/node/node73e1.css]
[kgd.gov.kz/modules/search/search73e1.css]
[kgd.gov.kz/modules/user/user73e1.css]
[kgd.gov.kz/misc/forum-icons.png]
[kgd.gov.kz/modules/forum/forum73e1.css]
[kgd.gov.kz/sites/all/modules/views/css/views73e1.css]
[kgd.gov.kz/sites/all/modules/ckeditor/css/ckeditor73e1.css]
[kgd.gov.kz/sites/all/themes/KGD17/css/fonts/footable.eot]
[kgd.gov.kz/sites/all/themes/KGD17/css/fonts/footabled41d.eot]
[kgd.gov.kz/sites/all/themes/KGD17/css/fonts/footable.woff]
[kgd.gov.kz/sites/all/themes/KGD17/css/fonts/footable.ttf]
[kgd.gov.kz/sites/all/themes/KGD17/css/fonts/footable.svg]
[kgd.gov.kz/sites/all/themes/KGD17/css/footable.core73e1.css]
[kgd.gov.kz/sites/all/modules/cctags/cctags73e1.css]
[kgd.gov.kz/sites/all/modules/colorbox/styles/default/images/controls.png]
[kgd.gov.kz/sites/all/modules/colorbox/styles/default/images/loading_animation.gif]
[kgd.gov.kz/sites/all/modules/colorbox/styles/default/colorbox_style73e1.css]
[kgd.gov.kz/sites/all/modules/ctools/images/status-active.gif]
[kgd.gov.kz/sites/all/modules/ctools/css/ctools73e1.css]
[kgd.gov.kz/sites/all/modules/payment_forms/payment_forms73e1.css]
[kgd.gov.kz/modules/locale/locale73e1.css]
[kgd.gov.kz/sites/all/modules/tax_audit/css/j.tax_audit.start73e1.css]
[kgd.gov.kz/sites/all/modules/calen/css/calen73e1.css]
[kgd.gov.kz/sites/all/libraries/smartmenus/css/sm-core-css73e1.css]
[kgd.gov.kz/sites/all/libraries/smartmenus/css/sm-kgd/sm-kgd73e1.css]
[kgd.gov.kz/sites/all/themes/KGD17/fonts/glyphicons-halflings-regular.eot]
[kgd.gov.kz/sites/all/themes/KGD17/fonts/glyphicons-halflings-regulard41d.eot]
[kgd.gov.kz/sites/all/themes/KGD17/fonts/glyphicons-halflings-regular.ttf]
[kgd.gov.kz/sites/all/themes/KGD17/css/bootstrap73e1.css]
[kgd.gov.kz/sites/all/themes/KGD17/fonts/fontawesome-webfont5b62.eot]
[kgd.gov.kz/sites/all/themes/KGD17/css/animate73e1.css]
[kgd.gov.kz/sites/all/themes/KGD17/fonts/fontawesome-webfontd41d.eot]
[kgd.gov.kz/sites/all/themes/KGD17/fonts/fontawesome-webfont5b62.woff2]
[kgd.gov.kz/sites/all/themes/KGD17/fonts/fontawesome-webfont5b62.ttf]
[kgd.gov.kz/sites/all/themes/KGD17/css/font-awesome73e1.css]
[kgd.gov.kz/sites/all/themes/KGD17/fonts/Simple-Line-Icons.woff]
[kgd.gov.kz/sites/all/themes/KGD17/fonts/Simple-Line-Icons.ttf]
[kgd.gov.kz/sites/all/themes/KGD17/css/simple-line-icons73e1.css]
[kgd.gov.kz/sites/all/themes/KGD17/css/app73e1.css]
[kgd.gov.kz/sites/all/themes/KGD17/css/flexslider73e1.css]
[kgd.gov.kz/sites/all/themes/KGD17/css/images/ui-bg_flat_75_ffffff_40x100.png]
[kgd.gov.kz/sites/all/themes/KGD17/css/images/ui-bg_highlight-soft_75_cccccc_1x100.png]
[kgd.gov.kz/sites/all/themes/KGD17/css/images/ui-bg_glass_75_e6e6e6_1x400.png]
[kgd.gov.kz/sites/all/themes/KGD17/css/images/ui-bg_glass_75_dadada_1x400.png]
[kgd.gov.kz/sites/all/themes/KGD17/css/images/ui-bg_glass_65_ffffff_1x400.png]
[kgd.gov.kz/sites/all/themes/KGD17/css/images/ui-bg_glass_55_fbf9ee_1x400.png]
[kgd.gov.kz/sites/all/themes/KGD17/css/images/ui-bg_glass_95_fef1ec_1x400.png]
[kgd.gov.kz/sites/all/themes/KGD17/css/images/ui-icons_222222_256x240.png]
[kgd.gov.kz/sites/all/themes/KGD17/css/images/ui-icons_454545_256x240.png]
[kgd.gov.kz/sites/all/themes/KGD17/css/images/ui-icons_2e83ff_256x240.png]
[kgd.gov.kz/sites/all/themes/KGD17/css/images/ui-icons_cd0a0a_256x240.png]
[kgd.gov.kz/sites/all/themes/KGD17/css/images/ui-bg_flat_0_aaaaaa_40x100.png]
[kgd.gov.kz/sites/all/themes/KGD17/css/datepicker73e1.css]
[kgd.gov.kz/sites/all/themes/KGD17/images/ser_pay.png]
[kgd.gov.kz/sites/all/themes/KGD17/images/pin.png]
[kgd.gov.kz/sites/all/themes/KGD17/images/kgd-logod996.png]
[kgd.gov.kz/sites/all/themes/KGD17/images/access-bar.png]
[kgd.gov.kz/sites/all/themes/KGD17/css/kgd1773e1.css]
[kgd.gov.kz/sites/all/themes/KGD17/css/owl.carousel73e1.css]
[kgd.gov.kz/sites/all/themes/KGD17/css/owl.theme73e1.css]
[kgd.gov.kz/sites/all/themes/KGD17/css/special73e1.css]
[kgd.gov.kz/sites/all/themes/KGD17/css/jquery.navgoco73e1.css]
[kgd.gov.kz/sites/all/themes/KGD17/css/jquery.dataTables73e1.css]
[kgd.gov.kz/sites/all/themes/KGD17/fonts/unit_slab_offc_pro/UnitSlabOffcPro.eot]
[kgd.gov.kz/sites/all/themes/KGD17/fonts/unit_slab_offc_pro/UnitSlabOffcProd41d.eot]
[kgd.gov.kz/sites/all/themes/KGD17/fonts/unit_slab_offc_pro/UnitSlabOffcProBold.eot]
[kgd.gov.kz/sites/all/themes/KGD17/fonts/unit_slab_offc_pro/UnitSlabOffcProBold.woff]
[kgd.gov.kz/sites/all/themes/KGD17/fonts/unit_slab_offc_pro/UnitSlabOffcProBold.ttf]
[kgd.gov.kz/sites/all/themes/KGD17/fonts/unit_slab_offc_pro/UnitSlabOffcProBoldd41d.eot]
[kgd.gov.kz/sites/all/themes/KGD17/fonts/unit_slab_offc_pro/UnitSlabOffcProItalic.eot]
[kgd.gov.kz/sites/all/themes/KGD17/fonts/unit_slab_offc_pro/UnitSlabOffcProItalic.woff]
[kgd.gov.kz/sites/all/themes/KGD17/fonts/unit_slab_offc_pro/UnitSlabOffcProItalicd41d.eot]
[kgd.gov.kz/sites/all/themes/KGD17/fonts/unit_slab_offc_pro/UnitSlabOffcProItalic.ttf]
[kgd.gov.kz/sites/all/themes/KGD17/fonts/unit_slab_offc_pro/UnitSlabOffcProBoldItalic.eot]
[kgd.gov.kz/sites/all/themes/KGD17/fonts/unit_slab_offc_pro/UnitSlabOffcProBoldItalic.woff]
[kgd.gov.kz/sites/all/themes/KGD17/fonts/unit_slab_offc_pro/UnitSlabOffcProBoldItalicd41d.eot]
[kgd.gov.kz/sites/all/themes/KGD17/fonts/unit_slab_offc_pro/UnitSlabOffcProBoldItalic.ttf]
[kgd.gov.kz/sites/all/themes/KGD17/fonts/FiraSans-Light.eot]
[kgd.gov.kz/sites/all/themes/KGD17/fonts/FiraSans-Light.ttf]
[kgd.gov.kz/sites/all/themes/KGD17/fonts/FiraSans-Regular.eot]
[kgd.gov.kz/sites/all/themes/KGD17/fonts/FiraSans-Regular.woff]
[kgd.gov.kz/sites/all/themes/KGD17/fonts/FiraSans-Bold.eot]
[kgd.gov.kz/sites/all/themes/KGD17/fonts/FiraSans-Bold.woff]
[kgd.gov.kz/sites/all/themes/KGD17/images/footer-bg.png]
[kgd.gov.kz/sites/all/themes/KGD17/style73e1.css]
[kgd.gov.kz/sites/default/files/advagg_js/js__1t3l4FiWIqblce8ydg8HUpWqNQeYdMSSVtKyeobP10E__wwBfdi2ksDldLjkCI71sRHyJpTYxFKQJQl21KpqHkd0__iFQX4H3jw4qSn9BeERFJlBuZNBASR3Or1rI0CUFuY7Q.js]
[kgd.gov.kz/kk/apoll.html]
[kgd.gov.kz/ru/content/predlagaem-proyti-opros-po-kachestvu-i-udovletvorennosti-obsluzhivaniya-nalogoplatelshchikov.html]
[kgd.gov.kz/ru/calc/transports.html]
[kgd.gov.kz/ru/app/kgd-ipn-web.html]
[kgd.gov.kz/ru/calc/fine.html]
[kgd.gov.kz/ru/apoll.html]
[kgd.gov.kz/en/rss.xml]
[sko.kgd.gov.kz/sites/default/files/advagg_js/js__0BLiKGMq6ltLHdFnULA09l4oeJRFJqujRKfo_ka1H2M__VZq7dwkTjN_yzboliiXzKkblH3SFDmh0AVSmuD6eiTw__EMHm0mix0wu3SY1W70o_ncu4cFR1lnS2YQgEBgfSC6U.213.delaye]
[sko.kgd.gov.kz/sites/default/files/advagg_js/js__kgBzEew375opErticaz0339aAXuAnDgK4WnFDvdZJTQ__q2RlwAY16ZoDPR8qo8jEDHi9AlWhUuqwDMfKJJ7KwO4__EMHm0mix0wu3SY1W70o_ncu4cFR1lnS2YQgEBgfSC6U.214.delaye]
[sko.kgd.gov.kz/sites/default/files/advagg_js/js__VmVaRKHWWkjwvC02DX22sfwUt1jeCEr7u5EYjm8IOpI__PV_NVKvDew4EooWkx0a6d0Av1a7voeel2Mu6ARTc_UQ__EMHm0mix0wu3SY1W70o_ncu4cFR1lnS2YQgEBgfSC6U.211.delaye]
[kgd.gov.kz/en/sitemap.html]
[sko.kgd.gov.kz/sites/default/files/advagg_js/js__DG61tWB-FuZjolWiVhoh4Axx2ZGvhiVFRNRy878a2t0__GRSs0_x8EJvJkkX8iSOoCPdg1odu0-_IllpGX6dLW50__EMHm0mix0wu3SY1W70o_ncu4cFR1lnS2YQgEBgfSC6U.212.delaye]
[kgd.gov.kz/en/user/register.217.delayed]
[kgd.gov.kz/en/content/information-about-committee.html]
[kgd.gov.kz/en/content/rukovodstvo.html]
[kgd.gov.kz/en/node/27.html]
[kgd.gov.kz/en/content/strategy-1.html]
[kgd.gov.kz/en/section/kadrovoe-obespechenie.html]
[kgd.gov.kz/en/node/31.html]
[kgd.gov.kz/en/node/182.html]
[kgd.gov.kz/en/content/contacts-1-0.html]
[kgd.gov.kz/en/content/qualification-requirements-1.html]
[kgd.gov.kz/en/node/14984.html]
[kgd.gov.kz/en/section/konkursy-na-vakantnye-dolzhnosti.html]
[kgd.gov.kz/en/section/podvedomstvennye-organizacii.html]
[kgd.gov.kz/en/section/centralnaya-tamozhennaya-laboratoriya.html]
[kgd.gov.kz/en/section/uchebno-metodicheskiy-centr.html]
[kgd.gov.kz/en/node/3754.html]
[kgd.gov.kz/en/node/37313.html]
[kgd.gov.kz/en/node/66118.html]
[kgd.gov.kz/en/node/13686.html]
[kgd.gov.kz/en/node/65775.html]
[kgd.gov.kz/en/node/65802.html]
[kgd.gov.kz/en/section/informaciya-o-tekushchey-deyatelnosti.html]
[kgd.gov.kz/en/section/poslaniya.html]
[kgd.gov.kz/en/node/6881.html]
[kgd.gov.kz/en/section/strategicheskiy-plan.html]
[kgd.gov.kz/en/section/otchety-ob-ispolnenii-strategicheskogo-plana.html]
[kgd.gov.kz/en/node/6819.html]
[kgd.gov.kz/en/node/15381.html]
[kgd.gov.kz/en/node/15905.html]
[kgd.gov.kz/en/node/25527.html]
[kgd.gov.kz/en/section/gosudarstvennye-zakupki.html]
[kgd.gov.kz/en/node/26.html]
[kgd.gov.kz/en/section/normativnye-pravovye-akty.html]
[kgd.gov.kz/en/section/protokola.html]
[kgd.gov.kz/en/content/request-quotation-1-0.html]
[kgd.gov.kz/en/node/3993.html]
[kgd.gov.kz/en/node/12513.html]
[kgd.gov.kz/en/section/konkursy-gosudarstvennyh-zakupok.html]
[kgd.gov.kz/en/content/request-quotation-1.html]
[kgd.gov.kz/en/node/12512.html]
[kgd.gov.kz/en/node/42.html]
[kgd.gov.kz/en/section/dosudebnoe-obzhalovanie-rezultatov-nalogovoy-i-tamozhennoy-proverki.html]
[kgd.gov.kz/en/node/6834.html]
[kgd.gov.kz/en/node/13768.html]
[kgd.gov.kz/en/node/1384.html]
[kgd.gov.kz/en/node/40801.html]
[kgd.gov.kz/en/node/63490.html]
[kgd.gov.kz/en/section/press-centr.html]
[kgd.gov.kz/en/node/11690.html]
[kgd.gov.kz/en/node/9440.html]
[kgd.gov.kz/en/node/1561.html]
[kgd.gov.kz/en/section/pisma-razyasnitelnogo-haraktera.html]
[kgd.gov.kz/en/node/1759.html]
[kgd.gov.kz/en/video.html]
[kgd.gov.kz/en/photos.html]
[kgd.gov.kz/en/node/14570.html]
[kgd.gov.kz/en/node/20897.html]
[kgd.gov.kz/en/node/66966.html]
[kgd.gov.kz/en/section/reyting-doing-business.html]
[kgd.gov.kz/en/node/13762.html]
[kgd.gov.kz/en/section/deyatelnost.html]
